Line 4, col 29: Incompatible type void in return statement
Line 5, col 37: Incompatible type int in return statement
Line 9, col 9: Reference to method f(int,int) is ambiguous
Line 10, col 9: Cannot find symbol f(double,double)
Line 12, col 14: Operator = cannot be applied to types String[], String[]
Line 13, col 14: Operator = cannot be applied to types String[], void
Line 14, col 26: Incompatible type void in System.out.print statement
Line 15, col 14: Operator .length cannot be applied to type int
Line 16, col 13: Operator Integer.parseInt cannot be applied to types String[], double
Line 17, col 13: Operator Integer.parseInt cannot be applied to types int, int
===== Class MethodTester Symbol Table =====
f	(int,double)	void
f	(double,int)	void
g	()	int
h	()	void
main	(String[])	void

===== Method f(int,double) Symbol Table =====
return		void
a		int	param
b		double	param

===== Method f(double,int) Symbol Table =====
return		void
a		double	param
b		int	param

===== Method g() Symbol Table =====
return		int

===== Method h() Symbol Table =====
return		void

===== Method main(String[]) Symbol Table =====
return		void
args		String[]	param
a		int

Program
..Identifier(MethodTester)
..MethodDecl
....MethodHeader
......Void
......Identifier(f)
......MethodParams
........ParamDecl
..........Int
..........Identifier(a)
........ParamDecl
..........Double
..........Identifier(b)
....MethodBody
..MethodDecl
....MethodHeader
......Void
......Identifier(f)
......MethodParams
........ParamDecl
..........Double
..........Identifier(a)
........ParamDecl
..........Int
..........Identifier(b)
....MethodBody
..MethodDecl
....MethodHeader
......Int
......Identifier(g)
......MethodParams
....MethodBody
......Return
..MethodDecl
....MethodHeader
......Void
......Identifier(h)
......MethodParams
....MethodBody
......Return
........Natural(1) - int
..MethodDecl
....MethodHeader
......Void
......Identifier(main)
......MethodParams
........ParamDecl
..........StringArray
..........Identifier(args)
....MethodBody
......VarDecl
........Int
........Identifier(a)
......Call - undef
........Identifier(f) - undef
........Natural(1) - int
........Natural(1) - int
......Call - undef
........Identifier(f) - undef
........Decimal(1.0) - double
........Decimal(1.0) - double
......Assign - int
........Identifier(a) - int
........Call - int
..........Identifier(g) - ()
......Assign - String[]
........Identifier(args) - String[]
........Identifier(args) - String[]
......Assign - String[]
........Identifier(args) - String[]
........Call - void
..........Identifier(h) - ()
......Print
........Call - void
..........Identifier(h) - ()
......Assign - int
........Identifier(a) - int
........Length - int
..........Identifier(a) - int
......Assign - int
........Identifier(a) - int
........ParseArgs - int
..........Identifier(args) - String[]
..........Decimal(1.0) - double
......Assign - int
........Identifier(a) - int
........ParseArgs - int
..........Identifier(a) - int
..........Natural(1) - int
